{
  "key1": "mismatchValue1",
  "key2": "mismatchValue2",
  "key3": "mismatchValue3"
}