{
  "key1": "defaultConfigValue1",
  "key2": "defaultConfigValue2"
}